{
  "message": "example_message",
  "timestamp": 42
}